
out 0  New-value = 0
---------------
0 AND 0
---------------
NAND active!
NAND active!
NAND active!
out 6  New-value = 1
NAND active!
NAND active!
out 12  New-value = 0
NAND active!
output is 0
---------------
0 AND 1
---------------
NAND active!
output is 0
---------------
1 AND 1
---------------
NAND active!
NAND active!
out 30  New-value = 1
NAND active!
output is 1
---------------
1 AND 0
---------------
NAND active!
NAND active!
out 42  New-value = 0
NAND active!
output is 0
